<?xml version="1.0" encoding="UTF-8"?><mappingRoot xmlns="http://www.ibm.com/2008/ccl/Mapping" domainID="com.ibm.msl.mapping.xml" domainIDExtension="mb" mainMap="false" targetNamespace="default" version="8.0.5.0" xmlns:map="default">
    <input path="/employeeNumber.xsd" var="var"/>
    <input path="db:database(/HRDB.dbm,HRDB,db:schema-tables(IIBADMIN,EMPLOYEE))" var="HRDB"/>
    <input path="jar:file://!com/ibm/msl/mapping/rdb/xsds/dbexception.xsd" var="var1"/>
    <output path="/hrdb/iibuser/HRDB.xsd"/>
    <namespaces>
        <namespace kind="supplement" prefix="in" uri="http://www.example.org/employeeNumber"/>
        <namespace kind="supplement" prefix="out" uri="http://hrdb/iibuser"/>
    </namespaces>
    <generation engine="xquery"/>
    <mappingDeclaration name="getEmployees_submap">
        <input namespace="http://www.example.org/employeeNumber" path="$var/employeeNumber" var="employeeNumber"/>
        <input path="$HRDB/db:select(fn:false(),ResultSet(IIBADMIN/EMPLOYEE/EMPNO,IIBADMIN/EMPLOYEE/FIRSTNME,IIBADMIN/EMPLOYEE/MIDINIT,IIBADMIN/EMPLOYEE/LASTNAME,IIBADMIN/EMPLOYEE/WORKDEPT,IIBADMIN/EMPLOYEE/PHONENO,IIBADMIN/EMPLOYEE/HIREDATE,IIBADMIN/EMPLOYEE/JOB,IIBADMIN/EMPLOYEE/EDLEVEL,IIBADMIN/EMPLOYEE/SEX,IIBADMIN/EMPLOYEE/BIRTHDATE,IIBADMIN/EMPLOYEE/SALARY,IIBADMIN/EMPLOYEE/BONUS,IIBADMIN/EMPLOYEE/COMM),db:where('IIBADMIN.EMPLOYEE.EMPNO LIKE  ?','?'=fn:concat('%', $employeeNumber, '%')))" var="dbselect"/>
        <output namespace="http://hrdb/iibuser" path="EmployeeResponse"/>
        <transaction>
            <select ref="dbselect">
                <input path="$dbselect/ResultSet"/>
                <output path="."/>
                <foreach>
                    <input path="."/>
                    <output path="EMPLOYEE"/>
                    <move automap="true">
                        <input path="IIBADMIN/EMPLOYEE/EMPNO"/>
                        <output path="EMPNO"/>
                    </move>
                    <move automap="true">
                        <input path="IIBADMIN/EMPLOYEE/FIRSTNME"/>
                        <output path="FIRSTNME"/>
                    </move>
                    <move automap="true">
                        <input path="IIBADMIN/EMPLOYEE/MIDINIT"/>
                        <output path="MIDINIT"/>
                    </move>
                    <move automap="true">
                        <input path="IIBADMIN/EMPLOYEE/LASTNAME"/>
                        <output path="LASTNAME"/>
                    </move>
                    <move automap="true">
                        <input path="IIBADMIN/EMPLOYEE/WORKDEPT"/>
                        <output path="WORKDEPT"/>
                    </move>
                    <move automap="true">
                        <input path="IIBADMIN/EMPLOYEE/PHONENO"/>
                        <output path="PHONENO"/>
                    </move>
                    <move automap="true">
                        <input path="IIBADMIN/EMPLOYEE/HIREDATE"/>
                        <output path="HIREDATE"/>
                    </move>
                    <move automap="true">
                        <input path="IIBADMIN/EMPLOYEE/JOB"/>
                        <output path="JOB"/>
                    </move>
                    <move automap="true">
                        <input path="IIBADMIN/EMPLOYEE/EDLEVEL"/>
                        <output path="EDLEVEL"/>
                    </move>
                    <move automap="true">
                        <input path="IIBADMIN/EMPLOYEE/SEX"/>
                        <output path="SEX"/>
                    </move>
                    <move automap="true">
                        <input path="IIBADMIN/EMPLOYEE/BIRTHDATE"/>
                        <output path="BIRTHDATE"/>
                    </move>
                    <move automap="true">
                        <input path="IIBADMIN/EMPLOYEE/SALARY"/>
                        <output path="SALARY"/>
                    </move>
                    <move automap="true">
                        <input path="IIBADMIN/EMPLOYEE/BONUS"/>
                        <output path="BONUS"/>
                    </move>
                    <move automap="true">
                        <input path="IIBADMIN/EMPLOYEE/COMM"/>
                        <output path="COMM"/>
                    </move>
                </foreach>
                <assign value="0">
                    <output path="DBResp/UserReturnCode"/>
                </assign>
                <expression>
                    <input path="." var="ResultSet"/>
                    <output path="DBResp/RowsRetrieved"/>
                    <code lang="xpath">fn:count($ResultSet)</code>
                </expression>
            </select>
            <failure>
                <input path="$var1/DBExceptions" var="DBExceptions"/>
                <output path="."/>
                <move>
                    <input path="$DBExceptions/DBException[1]/Message"/>
                    <output path="DBResp/SQL_Error_Message"/>
                </move>
                <move>
                    <input path="$DBExceptions/DBException[1]/SQLState"/>
                    <output path="DBResp/SQLState_SQLState"/>
                </move>
                <move>
                    <input path="$DBExceptions/DBException[1]/ErrorCode"/>
                    <output path="DBResp/SQLCode_ErrorCode"/>
                </move>
            </failure>
        </transaction>
    </mappingDeclaration>
</mappingRoot>