<?xml version="1.0" encoding="UTF-8"?><mappingRoot xmlns="http://www.ibm.com/2008/ccl/Mapping" domainID="com.ibm.msl.mapping.xml" domainIDExtension="mb" mainMap="true" targetNamespace="default" version="8.0.5.0" xmlns:map="default">
    <input derivedFrom="MB:JSON_schema_in_swagger_document" path="/swagger.json" var="var1"/>
    <input derivedFrom="MB:JSON_schema_in_swagger_document" path="/swagger.json" var="var8"/>
    <input path="jar:file://!com/ibm/etools/mft/map/xsds/predefined/JsonDomainMsg.xsd" var="var11"/>
    <input derivedFrom="MB:JSON_schema_in_swagger_document" path="/swagger.json" var="var12"/>
    <input path="jar:file://!com/ibm/msl/mapping/cache/xsds/cache.xsd" var="var2"/>
    <output path="jar:file://!com/ibm/etools/mft/map/xsds/predefined/JsonDomainMsg.xsd" var="var3"/>
    <output derivedFrom="MB:JSON_schema_in_swagger_document" path="/swagger.json" var="var4"/>
    <output path="jar:file://!com/ibm/msl/mapping/cache/xsds/cache.xsd" var="var"/>
    <namespaces>
        <namespace kind="supplement" prefix="io" uri="http://www.ibm.com/iib/msl/json"/>
        <namespace kind="supplement" prefix="io2" uri="http://www.ibm.com/msl/cache/1.0"/>
    </namespaces>
    <generation engine="xquery"/>
    <mappingDeclaration name="loadCache">
        <input namespace="http://www.ibm.com/iib/msl/json" path="$var11/mb:msg(JSON,assembly,JSON,Properties)" var="MessageAssembly">
            <cast derivedFrom="MB:JSON_operation_request" path="$MessageAssembly/JSON/Data/type('anyType')" qualifier="{http://www.ibm.com/iib/msl/json}DepartmentResponse" ref="var1"/>
        </input>
        <output namespace="http://www.ibm.com/iib/msl/json" path="$var3/mb:msg(JSON,assembly,JSON,Properties)" var="ComIbmMessageAssembly_JSON1">
            <cast derivedFrom="MB:JSON_operation_response" path="$ComIbmMessageAssembly_JSON1/JSON/Data/type('anyType')" qualifier="{http://www.ibm.com/iib/msl/json}DepartmentCachePutResponse" ref="var4"/>
        </output>
        <move>
            <input path="$MessageAssembly/Properties"/>
            <output path="$ComIbmMessageAssembly_JSON1/Properties"/>
        </move>
        <move>
            <input path="$MessageAssembly/JSON/spath('Data',2)/DBResp"/>
            <output path="$ComIbmMessageAssembly_JSON1/JSON/spath('Data',2)/DBResp"/>
        </move>
        <foreach>
            <input path="$MessageAssembly/JSON/spath('Data',2)/Department/Item" var="Item1"/>
            <output path="$ComIbmMessageAssembly_JSON1/JSON/spath('Data',2)/DepartmentCPutLine/Item"/>
            <transaction>
                <cachePut mode="upsert">
                    <input path="$Item1/."/>
                    <output path="$var/CachePut"/>
                    <move>
                        <input path="DEPTNO"/>
                        <output path="Key"/>
                    </move>
                    <move>
                        <input path="DEPTNAME"/>
                        <output path="Value"/>
                    </move>
                </cachePut>
                <cacheReturn>
                    <input path="$var2/CachePutReturn" var="CachePutReturn"/>
                    <input path="$Item1/." var="Item"/>
                    <output path="CacheResp" var="CacheResp"/>
                    <output path="Department" var="Department"/>
                    <move>
                        <input path="$CachePutReturn/Count"/>
                        <output path="$CacheResp/EntriesAdded"/>
                    </move>
                    <move>
                        <input path="$Item/DEPTNO"/>
                        <output path="$Department/DEPTNO"/>
                    </move>
                    <move>
                        <input path="$Item/DEPTNAME"/>
                        <output path="$Department/DEPTNAME"/>
                    </move>
                    <assign value="0">
                        <output path="$CacheResp/ReturnCode"/>
                    </assign>
                </cacheReturn>
                <cacheFailure>
                    <input path="$var2/CacheFailure"/>
                    <output path="CacheResp"/>
                    <move>
                        <input path="ID"/>
                        <output path="ERROR_ID"/>
                    </move>
                    <move>
                        <input path="Message"/>
                        <output path="ERROR_Message"/>
                    </move>
                    <move>
                        <input path="Inserts"/>
                        <output path="ERROR_Inserts/Item"/>
                    </move>
                </cacheFailure>
            </transaction>
        </foreach>
    </mappingDeclaration>
</mappingRoot>