<?xml version="1.0" encoding="UTF-8"?><mappingRoot xmlns="http://www.ibm.com/2008/ccl/Mapping" domainID="com.ibm.msl.mapping.xml" domainIDExtension="mb" mainMap="true" targetNamespace="default" version="8.0.5.0" xmlns:map="default">
    <inlinedXMLSchema><![CDATA[<?xml version="1.0" encoding="UTF-8"?><xsd:schema xmlns:xsd="http://www.w3.org/2001/XMLSchema">    
    <xsd:element name="empNumber" nillable="true" type="xsd:string"/>    
    <xsd:element name="SavedHttpRrequestIdentifier" type="xsd:string"/>    
</xsd:schema>]]></inlinedXMLSchema>
    <input path="jar:file://!com/ibm/etools/mft/map/xsds/assembly/Environment.xsd" var="var1"/>
    <input path="jar:file://!com/ibm/etools/mft/map/xsds/predefined/JsonDomainMsg.xsd" var="var"/>
    <input inlinedXMLSchema="true" path="../schema_0.xsd" var="var4"/>
    <input inlinedXMLSchema="true" path="../schema_0.xsd" var="var5"/>
    <output path="jar:file://!com/ibm/etools/mft/map/xsds/assembly/Environment.xsd" var="var2"/>
    <output path="mbsharedlib://EmployeeService_interface_and_maps/employeeNumber.xsd" var="var6"/>
    <namespaces>
        <namespace kind="supplement" prefix="in" uri="http://www.ibm.com/iib/msl/json"/>
        <namespace kind="supplement" prefix="out2" uri="http://EmployeeService"/>
        <namespace kind="supplement" prefix="out" uri="http://sample/iibadmin"/>
    </namespaces>
    <generation engine="xquery"/>
    <mappingDeclaration name="JSONToXML">
        <input path="$var1/mb:env(Environment)" var="Environment">
            <cast castType="userDefined" path="$Environment/Variables/any" qualifier="SavedHttpRrequestIdentifier" ref="var4" var="any"/>
        </input>
        <input namespace="http://www.ibm.com/iib/msl/json" path="$var/mb:msg(JSON,assembly,JSON,LocalEnvironment,Properties)" var="MessageAssembly">
            <cast castType="userDefined" path="$MessageAssembly/JSON/Data/type('anyType')" qualifier="{http://www.ibm.com/iib/msl/json}JSONObject" ref="var" var="anyType1"/>
            <cast castType="userDefined" path="$MessageAssembly/JSON/spath('Data',2)/any" qualifier="empNumber" ref="var4" var="any1"/>
        </input>
        <output path="$var2/mb:env(Environment)" var="Environment1">
            <cast castType="userDefined" path="$Environment1/Variables/any" qualifier="SavedHttpRrequestIdentifier" ref="var4" var="any2"/>
        </output>
        <output namespace="http://www.example.org/employeeNumber" path="$var6/mb:msg(employeeNumber,assembly,XMLNSC,Properties)" var="MessageAssembly2"/>
        <passthrough>
            <input path="$Environment/."/>
            <output path="$Environment1/."/>
            <updates>
                <move>
                    <input path="$MessageAssembly/LocalEnvironment/Destination/HTTP/RequestIdentifier"/>
                    <output path="$Environment1/Variables/SavedHttpRrequestIdentifier"/>
                </move>
            </updates>
        </passthrough>
        <move>
            <input path="$MessageAssembly/JSON/spath('Data',2)/empNumber[1]"/>
            <output path="$MessageAssembly2/employeeNumber"/>
        </move>
    </mappingDeclaration>
</mappingRoot>