<?xml version="1.0" encoding="UTF-8"?><mappingRoot xmlns="http://www.ibm.com/2008/ccl/Mapping" domainID="com.ibm.msl.mapping.xml" domainIDExtension="mb" mainMap="true" targetNamespace="default" version="8.0.5.0" xmlns:map="default" xmlns:map0="default">
    <input path="/EmployeeService_InlineSchema1.xsd"/>
    <output path="/EmployeeService_InlineSchema1.xsd"/>
    <imports>
        <import kind="map" location="/getEmployees_submap.map" namespace="default"/>
    </imports>
    <namespaces>
        <namespace kind="supplement" prefix="io2" uri="http://EmployeeService"/>
        <namespace kind="supplement" prefix="io" uri="http://hrdb/iibuser"/>
    </namespaces>
    <generation engine="xquery"/>
    <mappingDeclaration name="getEmployee_WS">
        <input namespace="http://EmployeeService" path="mb:msg(getEmployee,assembly,XMLNSC,Properties)" var="MessageAssembly"/>
        <output namespace="http://EmployeeService" path="mb:msg(getEmployeeResponse,assembly,XMLNSC,Properties)" var="MessageAssembly1"/>
        <move>
            <input path="$MessageAssembly/Properties"/>
            <output path="$MessageAssembly1/Properties"/>
        </move>
        <submap ref="map0:getEmployees_submap">
            <input path="$MessageAssembly/getEmployee/employeeNumber"/>
            <output path="$MessageAssembly1/getEmployeeResponse/EmployeeResponse"/>
        </submap>
    </mappingDeclaration>
</mappingRoot>