<?xml version="1.0" encoding="UTF-8"?><mappingRoot xmlns="http://www.ibm.com/2008/ccl/Mapping" domainID="com.ibm.msl.mapping.xml" domainIDExtension="mb" mainMap="true" targetNamespace="default" version="8.0.5.0" xmlns:map="default">
    <input path="jar:file://!com/ibm/etools/mft/map/xsds/predefined/JsonDomainMsg.xsd" var="var"/>
    <input derivedFrom="MB:JSON_schema_in_swagger_document" path="/HR_Employee_and_Department_Services.json" var="var1"/>
    <output path="jar:file://!com/ibm/etools/mft/map/xsds/predefined/JsonDomainMsg.xsd" var="var2"/>
    <output derivedFrom="MB:JSON_schema_in_swagger_document" path="/HR_Employee_and_Department_Services.json" var="var3"/>
    <namespaces>
        <namespace kind="supplement" prefix="io" uri="http://www.ibm.com/iib/msl/json"/>
    </namespaces>
    <generation engine="xquery"/>
    <mappingDeclaration name="EmbeddedImage_duplicateRecord">
        <input namespace="http://www.ibm.com/iib/msl/json" path="$var/mb:msg(JSON,assembly,JSON,Properties)" var="ComIbmMessageAssembly_JSON">
            <cast derivedFrom="MB:JSON_operation_request" path="$ComIbmMessageAssembly_JSON/JSON/Data/type('anyType')" qualifier="{http://www.ibm.com/iib/msl/json}EmployeeResponse" ref="var1"/>
        </input>
        <output namespace="http://www.ibm.com/iib/msl/json" path="$var2/mb:msg(JSON,assembly,JSON,Properties)" var="ComIbmMessageAssembly_JSON1">
            <cast derivedFrom="MB:JSON_operation_response" path="$ComIbmMessageAssembly_JSON1/JSON/Data/type('anyType')" qualifier="{http://www.ibm.com/iib/msl/json}EmployeeResponse" ref="var3"/>
        </output>
        <move>
            <input path="$ComIbmMessageAssembly_JSON/Properties"/>
            <output path="$ComIbmMessageAssembly_JSON1/Properties"/>
        </move>
        <local>
            <input path="$ComIbmMessageAssembly_JSON/JSON/spath('Data',2)/DBResp"/>
            <output path="$ComIbmMessageAssembly_JSON1/JSON/spath('Data',2)/DBResp"/>
            <move automap="true">
                <input path="UserReturnCode"/>
                <output path="UserReturnCode"/>
            </move>
            <move automap="true">
                <input path="RowsRetrieved"/>
                <output path="RowsRetrieved"/>
            </move>
            <move automap="true">
                <input path="RowsAdded"/>
                <output path="RowsAdded"/>
            </move>
            <move automap="true">
                <input path="RowsUpdated"/>
                <output path="RowsUpdated"/>
            </move>
            <move automap="true">
                <input path="RowsDeleted"/>
                <output path="RowsDeleted"/>
            </move>
            <move automap="true">
                <input path="SQLCODE_Errorcode"/>
                <output path="SQLCODE_Errorcode"/>
            </move>
            <move automap="true">
                <input path="SQLSTATE_SQLState"/>
                <output path="SQLSTATE_SQLState"/>
            </move>
            <assign value="Duplicate row in database - please resubmit with a different EMPNO">
                <output path="SQL_Error_Message"/>
            </assign>
        </local>
        <move>
            <input path="$ComIbmMessageAssembly_JSON/JSON/spath('Data',2)/Employee"/>
            <output path="$ComIbmMessageAssembly_JSON1/JSON/spath('Data',2)/Employee"/>
        </move>
    </mappingDeclaration>
</mappingRoot>