<?xml version="1.0" encoding="UTF-8"?><mappingRoot xmlns="http://www.ibm.com/2008/ccl/Mapping" domainID="com.ibm.msl.mapping.xml" domainIDExtension="mb" mainMap="true" targetNamespace="default" version="8.0.5.0" xmlns:map="default">
    <input path="/EmployeeService_InlineSchema1.xsd"/>
    <output path="/EmployeeService_InlineSchema1.xsd"/>
    <imports>
        <import kind="map" location="/addEmployee_submap.map" namespace="default"/>
    </imports>
    <namespaces>
        <namespace kind="supplement" prefix="io2" uri="http://EmployeeService"/>
        <namespace kind="supplement" prefix="io" uri="http://hrdb/iibadmin"/>
    </namespaces>
    <generation engine="xquery"/>
    <mappingDeclaration name="addEmployee_WS">
        <input namespace="http://EmployeeService" path="mb:msg(addEmployee,assembly,XMLNSC,Properties)" var="ComIbmMessageAssembly_addEmployee"/>
        <output namespace="http://EmployeeService" path="mb:msg(addEmployeeResponse,assembly,XMLNSC,Properties)" var="ComIbmMessageAssembly_addEmployeeResponse"/>
        <move>
            <input path="$ComIbmMessageAssembly_addEmployee/Properties"/>
            <output path="$ComIbmMessageAssembly_addEmployeeResponse/Properties"/>
            <override>
                <assign value="{EmployeeService_interface_and_maps}">
                    <output path="$ComIbmMessageAssembly_addEmployeeResponse/Properties/MessageSet"/>
                </assign>
            </override>
        </move>
        <submap ref="map:addEmployee_submap">
            <input path="$ComIbmMessageAssembly_addEmployee/addEmployee/EMPLOYEE"/>
            <output path="$ComIbmMessageAssembly_addEmployeeResponse/addEmployeeResponse/EmployeeResponse"/>
        </submap>
    </mappingDeclaration>
</mappingRoot>