<?xml version="1.0" encoding="UTF-8"?><mappingRoot xmlns="http://www.ibm.com/2008/ccl/Mapping" domainID="com.ibm.msl.mapping.xml" domainIDExtension="mb" mainMap="true" targetNamespace="default" version="8.0.5.0" xmlns:map="default">
    <input path="mbsharedlib://EmployeeService_interface_and_maps/hrdb/iibadmin/HRDB.xsd" var="var"/>
    <output path="jar:file://!com/ibm/etools/mft/map/xsds/predefined/SOAPDomainMsg.xsd"/>
    <namespaces>
        <namespace kind="supplement" prefix="in" uri="http://hrdb/iibadmin"/>
    </namespaces>
    <generation engine="xquery"/>
    <mappingDeclaration name="EmpServ_JSON_dltEmployee_XML_to_JSON">
        <input namespace="http://hrdb/iibadmin" path="$var/mb:msg(EmployeeResponse,assembly,XMLNSC,Properties)" var="ComIbmMessageAssembly_EmployeeResponse"/>
        <output path="mb:msg(SOAP_Domain_Msg,assembly,SOAP,Properties)" var="ComIbmMessageAssembly_SOAP_Domain_Msg">
            <cast path="$ComIbmMessageAssembly_SOAP_Domain_Msg/SOAP_Domain_Msg/Body/any" qualifier="{http://hrdb/iibadmin}EmployeeResponse" ref="var"/>
        </output>
        <move>
            <input path="$ComIbmMessageAssembly_EmployeeResponse/Properties"/>
            <output path="$ComIbmMessageAssembly_SOAP_Domain_Msg/Properties"/>
        </move>
        <local>
            <input path="$ComIbmMessageAssembly_EmployeeResponse/EmployeeResponse/DBResp"/>
            <output path="$ComIbmMessageAssembly_SOAP_Domain_Msg/SOAP_Domain_Msg/Body/EmployeeResponse/DBResp"/>
            <move automap="true">
                <input path="UserReturnCode"/>
                <output path="UserReturnCode"/>
            </move>
            <move automap="true">
                <input path="RowsRetrieved"/>
                <output path="RowsRetrieved"/>
            </move>
            <move automap="true">
                <input path="RowsAdded"/>
                <output path="RowsAdded"/>
            </move>
            <move automap="true">
                <input path="RowsUpdated"/>
                <output path="RowsUpdated"/>
            </move>
            <move automap="true">
                <input path="RowsDeleted"/>
                <output path="RowsDeleted"/>
            </move>
            <move automap="true">
                <input path="SQLCode_ErrorCode"/>
                <output path="SQLCode_ErrorCode"/>
            </move>
            <move automap="true">
                <input path="SQLState_SQLState"/>
                <output path="SQLState_SQLState"/>
            </move>
            <move automap="true">
                <input path="SQL_Error_Message"/>
                <output path="SQL_Error_Message"/>
            </move>
        </local>
        <foreach>
            <input path="$ComIbmMessageAssembly_EmployeeResponse/EmployeeResponse/EMPLOYEE"/>
            <output path="$ComIbmMessageAssembly_SOAP_Domain_Msg/SOAP_Domain_Msg/Body/EmployeeResponse/EMPLOYEE"/>
            <move automap="true">
                <input path="EMPNO"/>
                <output path="EMPNO"/>
            </move>
            <move automap="true">
                <input path="FIRSTNME"/>
                <output path="FIRSTNME"/>
            </move>
            <move automap="true">
                <input path="MIDINIT"/>
                <output path="MIDINIT"/>
            </move>
            <move automap="true">
                <input path="LASTNAME"/>
                <output path="LASTNAME"/>
            </move>
            <move automap="true">
                <input path="WORKDEPT"/>
                <output path="WORKDEPT"/>
            </move>
            <move automap="true">
                <input path="PHONENO"/>
                <output path="PHONENO"/>
            </move>
            <move automap="true">
                <input path="HIREDATE"/>
                <output path="HIREDATE"/>
            </move>
            <move automap="true">
                <input path="JOB"/>
                <output path="JOB"/>
            </move>
            <move automap="true">
                <input path="EDLEVEL"/>
                <output path="EDLEVEL"/>
            </move>
            <move automap="true">
                <input path="SEX"/>
                <output path="SEX"/>
            </move>
            <move automap="true">
                <input path="BIRTHDATE"/>
                <output path="BIRTHDATE"/>
            </move>
            <move automap="true">
                <input path="SALARY"/>
                <output path="SALARY"/>
            </move>
            <move automap="true">
                <input path="BONUS"/>
                <output path="BONUS"/>
            </move>
            <move automap="true">
                <input path="COMM"/>
                <output path="COMM"/>
            </move>
        </foreach>
    </mappingDeclaration>
</mappingRoot>