<?xml version="1.0" encoding="UTF-8"?><mappingRoot xmlns="http://www.ibm.com/2008/ccl/Mapping" domainID="com.ibm.msl.mapping.xml" domainIDExtension="mb" mainMap="true" targetNamespace="default" version="8.0.5.0" xmlns:map="default">
    <inlinedXMLSchema><![CDATA[<?xml version="1.0" encoding="UTF-8"?><xsd:schema xmlns:xsd="http://www.w3.org/2001/XMLSchema"> 
    <xsd:element name="EMPLOYEE" nillable="true"> 
    <xsd:complexType> 
      <xsd:sequence> 
        <xsd:element name="EMPNO" nillable="true" type="xsd:string"/> 
        <xsd:element name="FIRSTNME" nillable="true" type="xsd:string"/> 
        <xsd:element name="MIDINIT" nillable="true" type="xsd:string"/> 
        <xsd:element name="LASTNAME" nillable="true" type="xsd:string"/> 
        <xsd:element name="WORKDEPT" nillable="true" type="xsd:string"/> 
        <xsd:element name="PHONENO" nillable="true" type="xsd:string"/> 
        <xsd:element name="HIREDATE" nillable="true" type="xsd:date"/> 
        <xsd:element name="JOB" nillable="true" type="xsd:string"/> 
        <xsd:element name="EDLEVEL" nillable="true" type="xsd:string"/> 
        <xsd:element name="SEX" nillable="true" type="xsd:string"/> 
        <xsd:element name="BIRTHDATE" nillable="true" type="xsd:date"/> 
        <xsd:element name="SALARY" nillable="true" type="xsd:decimal"/> 
        <xsd:element name="BONUS" nillable="true" type="xsd:decimal"/> 
        <xsd:element name="COMM" nillable="true" type="xsd:decimal"/> 
      </xsd:sequence> 
    </xsd:complexType> 
  </xsd:element> 
</xsd:schema>]]></inlinedXMLSchema>
    <input path="mbsharedlib://EmployeeService_interface_and_maps/EmployeeService_InlineSchema1.xsd" var="var1"/>
    <input path="jar:file://!com/ibm/etools/mft/map/xsds/predefined/JsonDomainMsg.xsd" var="var5"/>
    <input inlinedXMLSchema="true" path="../schema_0.xsd" var="var"/>
    <output path="jar:file://!com/ibm/etools/mft/map/xsds/predefined/SOAPDomainMsg.xsd"/>
    <namespaces>
        <namespace kind="supplement" prefix="io" uri="http://hrdb/iibadmin"/>
        <namespace kind="supplement" prefix="out" uri="http://EmployeeService"/>
        <namespace kind="supplement" prefix="in" uri="http://www.ibm.com/iib/msl/json"/>
    </namespaces>
    <generation engine="xquery"/>
    <mappingDeclaration name="EmpServ_JSON_updEmployee_JSON_to_SOAP">
        <input namespace="http://www.ibm.com/iib/msl/json" path="$var5/mb:msg(JSON,assembly,JSON,Properties)" var="MessageAssembly">
            <cast castType="userDefined" path="$MessageAssembly/JSON/Data/type('anyType')" qualifier="{http://www.ibm.com/iib/msl/json}JSONObject" ref="var5"/>
            <cast castType="userDefined" path="$MessageAssembly/JSON/spath('Data',2)/any" qualifier="EMPLOYEE" ref="var"/>
        </input>
        <output path="mb:msg(SOAP_Domain_Msg,assembly,SOAP,Properties)" var="MessageAssembly2">
            <cast path="$MessageAssembly2/SOAP_Domain_Msg/Body/any" qualifier="{http://EmployeeService}updEmployee" ref="var1"/>
        </output>
        <move>
            <input path="$MessageAssembly/Properties"/>
            <output path="$MessageAssembly2/Properties"/>
        </move>
        <foreach>
            <input path="$MessageAssembly/JSON/spath('Data',2)/EMPLOYEE"/>
            <output path="$MessageAssembly2/SOAP_Domain_Msg/Body/updEmployee/EMPLOYEE"/>
            <move automap="true">
                <input path="EMPNO"/>
                <output path="EMPNO"/>
            </move>
            <move automap="true">
                <input path="FIRSTNME"/>
                <output path="FIRSTNME"/>
            </move>
            <move automap="true">
                <input path="MIDINIT"/>
                <output path="MIDINIT"/>
            </move>
            <move automap="true">
                <input path="LASTNAME"/>
                <output path="LASTNAME"/>
            </move>
            <move automap="true">
                <input path="WORKDEPT"/>
                <output path="WORKDEPT"/>
            </move>
            <move automap="true">
                <input path="PHONENO"/>
                <output path="PHONENO"/>
            </move>
            <move automap="true">
                <input path="HIREDATE"/>
                <output path="HIREDATE"/>
            </move>
            <move automap="true">
                <input path="JOB"/>
                <output path="JOB"/>
            </move>
            <move automap="true">
                <input path="EDLEVEL"/>
                <output path="EDLEVEL"/>
            </move>
            <move automap="true">
                <input path="SEX"/>
                <output path="SEX"/>
            </move>
            <move automap="true">
                <input path="BIRTHDATE"/>
                <output path="BIRTHDATE"/>
            </move>
            <move automap="true">
                <input path="SALARY"/>
                <output path="SALARY"/>
            </move>
            <move automap="true">
                <input path="BONUS"/>
                <output path="BONUS"/>
            </move>
            <move automap="true">
                <input path="COMM"/>
                <output path="COMM"/>
            </move>
        </foreach>
    </mappingDeclaration>
</mappingRoot>